tuikit gallery  every component, running                                                                               16 components
────────────────────────────────────────────────────────────────────────────────────────────────────────────────────────────────────
┌───────────────────────────────┐ ┌────────────────────────────────────────────────────────────────────────────────────────────────┐
│ Components                    │ │ Bar                                                                                            │
│ List                          │ │ One line with content at each end. Its Hints are a key and what it does.                       │
│ Pane                          │ │ ‹ both ends · hints · squeezed ›                                                               │
│ Tabs                          │ │ the left side wins; decoration goes first                                                      │
│ Bar                           │ │                                                                                                │
│ Confirm                       │ │ q quit                                                                                         │
│ StepList                      │ │                                                                                                │
│ LogPane                       │ │                                                                                                │
│ Spinner                       │ │                                                                                                │
│ Table                         │ │                                                                                                │
│ Detail                        │ │                                                                                                │
│ Menu                          │ │                                                                                                │
│ Toast                         │ │                                                                                                │
│ Form                          │ │                                                                                                │
│ Split                         │ │                                                                                                │
│ Layout                        │ │                                                                                                │
│ Meter                         │ │                                                                                                │
│                               │ │                                                                                                │
│                               │ │                                                                                                │
│                               │ │                                                                                                │
│                               │ │                                                                                                │
│                               │ │                                                                                                │
│                               │ │                                                                                                │
│                               │ │                                                                                                │
│                               │ │                                                                                                │
│                               │ │                                                                                                │
│                               │ │                                                                                                │
│                               │ │                                                                                                │
│                               │ │ roles    Accent · Muted · Success                                                              │
│                               │ │ glyphs   ·                                                                                     │
│                               │ │ from     swarmctl footerLine, azctl footer, democtl header and footer                          │
│                         16/16 │ │                                                                                                │
└───────────────────────────────┘ └────────────────────────────────────────────────────────────────────────────────────────────────┘
  ↑↓ component · ‹› state · tab pane · q quit