tuikit gallery  every component, running                                                                               23 components
────────────────────────────────────────────────────────────────────────────────────────────────────────────────────────────────────
┌───────────────────────────────┐ ┌────────────────────────────────────────────────────────────────────────────────────────────────┐
│ Components                    │ │ Confirm                                                                                        │
│ List                          │ │ A question in a box, bounded to its container by construction.                                 │
│ Pane                          │ │ ‹ ordinary · danger · a long body ›                                                            │
│ Tabs                          │ │ an action that destroys something says so in its title                                         │
│ Bar                           │ │                                                                                                │
│ Confirm                       │ │                                                                                                │
│ StepList                      │ │                                                                                                │
│ LogPane                       │ │                                                                                                │
│ Spinner                       │ │                                                                                                │
│ Table                         │ │                                                                                                │
│ Detail                        │ │                                                                                                │
│ Menu                          │ │                                                                                                │
│ Toast                         │ │                ┌──────────────────────────────────────────────────────────────┐                │
│ Form                          │ │                │Remove web_assets?                                            │                │
│ Split                         │ │                │                                                              │                │
│ Layout                        │ │                │The service and its tasks are removed. This cannot be         │                │
│ Meter                         │ │                │undone.                                                       │                │
│ Input                         │ │                │                                                              │                │
│ Waiting                       │ │                │y confirm · n cancel                                          │                │
│ Breadcrumb                    │ │                └──────────────────────────────────────────────────────────────┘                │
│ Scrollbar                     │ │                                                                                                │
│ Keys                          │ │                                                                                                │
│ Palette                       │ │                                                                                                │
│ Rule                          │ │                                                                                                │
│                               │ │                                                                                                │
│                               │ │                                                                                                │
│                               │ │                                                                                                │
│                               │ │ keys     y confirm · n cancel                                                                  │
│                               │ │ roles    Accent · Danger · Muted                                                               │
│                               │ │ glyphs   ┌ ─ ┐ │ └ ┘ ·                                                                         │
│                               │ │ from     swarmctl action.go, pgctl actionview.go, democtl overlay                              │
│                         23/23 │ │                                                                                                │
└───────────────────────────────┘ └────────────────────────────────────────────────────────────────────────────────────────────────┘
  ↑↓ component · ‹› state · tab pane · q quit