tuikit gallery  every component, running                                                                                9 components
────────────────────────────────────────────────────────────────────────────────────────────────────────────────────────────────────
┌───────────────────────────────┐ ┌────────────────────────────────────────────────────────────────────────────────────────────────┐
│ Components                    │ │ Confirm                                                                                        │
│ List                          │ │ A question in a box, bounded to its container by construction.                                 │
│ Pane                          │ │ ‹ ordinary · danger · a long body ›                                                            │
│ Tabs                          │ │ an action that destroys something says so in its title                                         │
│ Bar                           │ │                                                                                                │
│ Confirm                       │ │                                                                                                │
│ StepList                      │ │                                                                                                │
│ LogPane                       │ │                                                                                                │
│ Spinner                       │ │                                                                                                │
│ Table                         │ │                                                                                                │
│                               │ │                                                                                                │
│                               │ │                                                                                                │
│                               │ │                ┌──────────────────────────────────────────────────────────────┐                │
│                               │ │                │Remove web_assets?                                            │                │
│                               │ │                │                                                              │                │
│                               │ │                │The service and its tasks are removed. This cannot be         │                │
│                               │ │                │undone.                                                       │                │
│                               │ │                │                                                              │                │
│                               │ │                │y confirm · n cancel                                          │                │
│                               │ │                └──────────────────────────────────────────────────────────────┘                │
│                               │ │                                                                                                │
│                               │ │                                                                                                │
│                               │ │                                                                                                │
│                               │ │                                                                                                │
│                               │ │                                                                                                │
│                               │ │                                                                                                │
│                               │ │                                                                                                │
│                               │ │ keys     y confirm · n cancel                                                                  │
│                               │ │ roles    Accent · Danger · Muted                                                               │
│                               │ │ glyphs   ┌ ─ ┐ │ └ ┘ ·                                                                         │
│                               │ │ from     swarmctl action.go, pgctl actionview.go, democtl overlay                              │
│                           9/9 │ │                                                                                                │
└───────────────────────────────┘ └────────────────────────────────────────────────────────────────────────────────────────────────┘
  ↑↓ component · ‹› state · tab pane · q quit