tuikit gallery  every component, running                                                                               13 components
────────────────────────────────────────────────────────────────────────────────────────────────────────────────────────────────────
┌───────────────────────────────┐ ┌────────────────────────────────────────────────────────────────────────────────────────────────┐
│ Components                    │ │ Detail                                                                                         │
│ List                          │ │ What a pane says about the one thing you have selected.                                        │
│ Pane                          │ │ ‹ a thing · a value with its own colour · prose · no room ›                                    │
│ Tabs                          │ │ a state that is red in the list and grey here is one fact told twice                           │
│ Bar                           │ │                                                                                                │
│ Confirm                       │ │ api_migrate                                                                                    │
│ StepList                      │ │                                                                                                │
│ LogPane                       │ │ state    failed                                                                                │
│ Spinner                       │ │ replicas 0/1                                                                                   │
│ Table                         │ │                                                                                                │
│ Detail                        │ │                                                                                                │
│ Toast                         │ │                                                                                                │
│ Form                          │ │                                                                                                │
│ Split                         │ │                                                                                                │
│                               │ │                                                                                                │
│                               │ │                                                                                                │
│                               │ │                                                                                                │
│                               │ │                                                                                                │
│                               │ │                                                                                                │
│                               │ │                                                                                                │
│                               │ │                                                                                                │
│                               │ │                                                                                                │
│                               │ │                                                                                                │
│                               │ │                                                                                                │
│                               │ │                                                                                                │
│                               │ │                                                                                                │
│                               │ │                                                                                                │
│                               │ │                                                                                                │
│                               │ │                                                                                                │
│                               │ │ roles    Accent · Muted · Danger                                                               │
│                               │ │ from     democtl field(), azctl fields() — both carried y from call to call                    │
│                         13/13 │ │                                                                                                │
└───────────────────────────────┘ └────────────────────────────────────────────────────────────────────────────────────────────────┘
  ↑↓ component · ‹› state · tab pane · q quit