tuikit gallery  every component, running                                                                               24 components
────────────────────────────────────────────────────────────────────────────────────────────────────────────────────────────────────
┌───────────────────────────────┐ ┌────────────────────────────────────────────────────────────────────────────────────────────────┐
│ Components                    │ │ Detail                                                                                         │
│ List                          │ │ What a pane says about the one thing you have selected.                                        │
│ Pane                          │ │ ‹ a thing · a value with its own colour · a secret · revealed · prose · no room ›              │
│ Tabs                          │ │ the same fact, shown. Which secrets are showing is the TOOL's — app.Toggles, keyed by a stabl… │
│ Bar                           │ │                                                                                                │
│ Confirm                       │ │ ghcr-bot                                                                                       │
│ StepList                      │ │                                                                                                │
│ LogPane                       │ │ user   mbp-ci                                                                                  │
│ Spinner                       │ │ token  ghp_R3alT0kenValue                                                                      │
│ Table                         │ │ scopes read:packages                                                                           │
│ Detail                        │ │                                                                                                │
│ Menu                          │ │                                                                                                │
│ Toast                         │ │                                                                                                │
│ Form                          │ │                                                                                                │
│ Split                         │ │                                                                                                │
│ Layout                        │ │                                                                                                │
│ Meter                         │ │                                                                                                │
│ Input                         │ │                                                                                                │
│ Waiting                       │ │                                                                                                │
│ Breadcrumb                    │ │                                                                                                │
│ Scrollbar                     │ │                                                                                                │
│ Keys                          │ │                                                                                                │
│ Palette                       │ │                                                                                                │
│ Rule                          │ │                                                                                                │
│ Viewer                        │ │                                                                                                │
│                               │ │                                                                                                │
│                               │ │                                                                                                │
│                               │ │                                                                                                │
│                               │ │                                                                                                │
│                               │ │ roles    Accent · Muted · Danger                                                               │
│                               │ │ from     democtl field(), azctl fields() — both carried y from call to call                    │
│                         24/24 │ │                                                                                                │
└───────────────────────────────┘ └────────────────────────────────────────────────────────────────────────────────────────────────┘
  ↑↓ component · ‹› state · tab pane · q quit