tuikit gallery  every component, running                                                                               21 components
────────────────────────────────────────────────────────────────────────────────────────────────────────────────────────────────────
┌───────────────────────────────┐ ┌────────────────────────────────────────────────────────────────────────────────────────────────┐
│ Components                    │ │ List                                                                                           │
│ List                          │ │ A scrollable, selectable list, flat or grouped. The viewport and the selection are separate.   │
│ Pane                          │ │ ‹ focused · unfocused · empty · overflowing · scrolled away · grouped · grouped, collapsed · no│
│ Tabs                          │ │ the headers say there is something under them you have not seen                                │
│ Bar                           │ │                                                                                                │
│ Confirm                       │ │ ▸ rg-forge 3                                                                                   │
│ StepList                      │ │ ▸ rg-platform 3                                                                                │
│ LogPane                       │ │ ▸ rg-data 2                                                                                    │
│ Spinner                       │ │                                                                                                │
│ Table                         │ │                                                                                                │
│ Detail                        │ │                                                                                                │
│ Menu                          │ │                                                                                                │
│ Toast                         │ │                                                                                                │
│ Form                          │ │                                                                                                │
│ Split                         │ │                                                                                                │
│ Layout                        │ │                                                                                                │
│ Meter                         │ │                                                                                                │
│ Input                         │ │                                                                                                │
│ Waiting                       │ │                                                                                                │
│ Breadcrumb                    │ │                                                                                                │
│ Scrollbar                     │ │                                                                                                │
│ Keys                          │ │                                                                                                │
│                               │ │                                                                                                │
│                               │ │                                                                                                │
│                               │ │                                                                                                │
│                               │ │                                                                                           3/3  │
│                               │ │ keys     ↑↓ move the selection · j/k the same                                                  │
│                               │ │ mouse    click select the row, anywhere across it · wheel scroll the viewport, never the sele… │
│                               │ │ roles    SelectionFG · SelectionBG · Accent · Muted                                            │
│                               │ │ glyphs   ↑ ↓ ▸ ▾                                                                               │
│                               │ │ from     pgctl window(), swarmctl pane scrolling, azctl cursor/top                             │
│                         21/21 │ │                                                                                                │
└───────────────────────────────┘ └────────────────────────────────────────────────────────────────────────────────────────────────┘
  ↑↓ component · ‹› state · tab pane · q quit