tuikit gallery  every component, running                                                                               18 components
────────────────────────────────────────────────────────────────────────────────────────────────────────────────────────────────────
┌───────────────────────────────┐ ┌────────────────────────────────────────────────────────────────────────────────────────────────┐
│ Components                    │ │ LogPane                                                                                        │
│ List                          │ │ A stream of lines, tailing. Following is a place, not a mode.                                  │
│ Pane                          │ │ ‹ following · detached · empty · one line ›                                                    │
│ Tabs                          │ │ scrolled up; it says how far below the tail you are                                            │
│ Bar                           │ │                                                                                                │
│ Confirm                       │ │   09:13:01 api_gateway: handled request in 521ms                                               │
│ StepList                      │ │   09:14:08 api_gateway: handled request in 621ms                                               │
│ LogPane                       │ │   09:15:05 api_gateway: handled request in 721ms                                               │
│ Spinner                       │ │   09:16:02 api_gateway: handled request in 821ms                                               │
│ Table                         │ │   09:17:09 api_gateway: upstream timed out after 3s                                            │
│ Detail                        │ │   09:18:06 api_gateway: handled request in 121ms 3s                                            │
│ Menu                          │ │   09:19:03 api_gateway: handled request in 221ms                                               │
│ Toast                         │ │   09:10:00 api_gateway: handled request in 321ms                                               │
│ Form                          │ │   09:11:07 api_gateway: handled request in 421ms                                               │
│ Split                         │ │   09:12:04 api_gateway: handled request in 521ms                                               │
│ Layout                        │ │   09:13:01 api_gateway: handled request in 621ms                                               │
│ Meter                         │ │   09:14:08 api_gateway: upstream timed out after 3s                                            │
│ Input                         │ │   09:15:05 api_gateway: handled request in 821ms 3s                                            │
│ Waiting                       │ │   09:16:02 api_gateway: handled request in 921ms                                               │
│                               │ │   09:17:09 api_gateway: handled request in 121ms                                               │
│                               │ │   09:18:06 api_gateway: handled request in 221ms                                               │
│                               │ │   09:19:03 api_gateway: handled request in 321ms                                               │
│                               │ │   09:10:00 api_gateway: handled request in 421ms                                               │
│                               │ │   09:11:07 api_gateway: upstream timed out after 3s                                            │
│                               │ │   09:12:04 api_gateway: handled request in 621ms 3s                                            │
│                               │ │   09:13:01 api_gateway: handled request in 721ms                                               │
│                               │ │                                                                                     fo6 below  │
│                               │ │ keys     ↑↓ scroll, detaching from the tail                                                    │
│                               │ │ mouse    wheel the same                                                                        │
│                               │ │ roles    Muted · Stderr                                                                        │
│                               │ │ from     swarmctl logspane.go                                                                  │
│                         18/18 │ │                                                                                                │
└───────────────────────────────┘ └────────────────────────────────────────────────────────────────────────────────────────────────┘
  ↑↓ component · ‹› state · tab pane · q quit