tuikit gallery  every component, running                                                                               20 components
────────────────────────────────────────────────────────────────────────────────────────────────────────────────────────────────────
┌───────────────────────────────┐ ┌────────────────────────────────────────────────────────────────────────────────────────────────┐
│ Components                    │ │ Menu                                                                                           │
│ List                          │ │ A short list of actions, at a point or on the thing they act on.                               │
│ Pane                          │ │ ‹ at a point · moved down · nudged back on screen · on a region ›                              │
│ Tabs                          │ │ the keyboard path — at the thing the cursor is on, wherever that is in THIS frame              │
│ Bar                           │ │                                                                                                │
│ Confirm                       │ │                                                                                                │
│ StepList                      │ │                                                                                                │
│ LogPane                       │ │                                                                                                │
│ Spinner                       │ │                                                                                                │
│ Table                         │ │        a┌──────────────┐                                                                       │
│ Detail                        │ │         │ View logs  L │                                                                       │
│ Menu                          │ │         │ Deploy     D │                                                                       │
│ Toast                         │ │         │ Restart    R │                                                                       │
│ Form                          │ │         └──────────────┘                                                                       │
│ Split                         │ │                                                                                                │
│ Layout                        │ │                                                                                                │
│ Meter                         │ │                                                                                                │
│ Input                         │ │                                                                                                │
│ Waiting                       │ │                                                                                                │
│ Breadcrumb                    │ │                                                                                                │
│ Scrollbar                     │ │                                                                                                │
│                               │ │                                                                                                │
│                               │ │                                                                                                │
│                               │ │                                                                                                │
│                               │ │                                                                                                │
│                               │ │                                                                                                │
│                               │ │                                                                                                │
│                               │ │ keys     ↑↓ choose · enter do it · esc close                                                   │
│                               │ │ mouse    rclick open it on what is under the pointer · click choose — and a click on the bord… │
│                               │ │ roles    Accent · Muted · SelectionFG · SelectionBG                                            │
│                               │ │ from     democtl's context menu; azctl needs the same one                                      │
│                         20/20 │ │                                                                                                │
└───────────────────────────────┘ └────────────────────────────────────────────────────────────────────────────────────────────────┘
  ↑↓ component · ‹› state · tab pane · q quit