tuikit gallery  every component, running                                                                               15 components
────────────────────────────────────────────────────────────────────────────────────────────────────────────────────────────────────
┌───────────────────────────────┐ ┌────────────────────────────────────────────────────────────────────────────────────────────────┐
│ Components                    │ │ Split                                                                                          │
│ List                          │ │ Two panes and the divider between them, which you can grab and drag.                           │
│ Pane                          │ │ ‹ a third · dragged · at its minimum · stacked · a wider gap · a visible seam ›                │
│ Tabs                          │ │ a split draggable to nothing is a pane you cannot get back                                     │
│ Bar                           │ │                                                                                                │
│ Confirm                       │ │ ┌──────────────────┐ ┌───────────────────────────────────────────────────────────────────────┐ │
│ StepList                      │ │ │ first            │ │ second                                                                │ │
│ LogPane                       │ │ │ 20 columns       │ │ 73 columns                                                            │ │
│ Spinner                       │ │ │                  │ │                                                                       │ │
│ Table                         │ │ │                  │ │                                                                       │ │
│ Detail                        │ │ │                  │ │                                                                       │ │
│ Menu                          │ │ │                  │ │                                                                       │ │
│ Toast                         │ │ │                  │ │                                                                       │ │
│ Form                          │ │ │                  │ │                                                                       │ │
│ Split                         │ │ │                  │ │                                                                       │ │
│ Layout                        │ │ │                  │ │                                                                       │ │
│                               │ │ │                  │ │                                                                       │ │
│                               │ │ │                  │ │                                                                       │ │
│                               │ │ │                  │ │                                                                       │ │
│                               │ │ │                  │ │                                                                       │ │
│                               │ │ │                  │ │                                                                       │ │
│                               │ │ │                  │ │                                                                       │ │
│                               │ │ │                  │ │                                                                       │ │
│                               │ │ │                  │ │                                                                       │ │
│                               │ │ │                  │ │                                                                       │ │
│                               │ │ │                  │ │                                                                       │ │
│                               │ │ │                  │ │                                                                       │ │
│                               │ │ └──────────────────┘ └───────────────────────────────────────────────────────────────────────┘ │
│                               │ │ mouse    drag the gap between the panes IS the handle                                          │
│                               │ │ roles    Border                                                                                │
│                               │ │ from     democtl's dashboard, before it was a component                                        │
│                         15/15 │ │                                                                                                │
└───────────────────────────────┘ └────────────────────────────────────────────────────────────────────────────────────────────────┘
  ↑↓ component · ‹› state · tab pane · q quit