tuikit gallery  every component, running                                                                               24 components
────────────────────────────────────────────────────────────────────────────────────────────────────────────────────────────────────
┌───────────────────────────────┐ ┌────────────────────────────────────────────────────────────────────────────────────────────────┐
│ Components                    │ │ Viewer                                                                                         │
│ List                          │ │ A document you scroll, look through, and act on ranges of. Opens at the top, does not follow,… │
│ Pane                          │ │ ‹ a diff · a range · syntax under the cursor · wider than the pane · scrolled sideways · no cur│
│ Tabs                          │ │ spans keep their styles and take the cursor's background — the one rule that makes this not a… │
│ Bar                           │ │                                                                                                │
│ Confirm                       │ │ func under(base, s *lipgloss.Style) *lipgloss.Style {                                          │
│ StepList                      │ │     if base == nil {                                                                           │
│ LogPane                       │ │         return s                                                                               │
│ Spinner                       │ │     }                                                                                          │
│ Table                         │ │     merged := s.Inherit(*base)                                                                 │
│ Detail                        │ │                                                                                                │
│ Menu                          │ │                                                                                                │
│ Toast                         │ │                                                                                                │
│ Form                          │ │                                                                                                │
│ Split                         │ │                                                                                                │
│ Layout                        │ │                                                                                                │
│ Meter                         │ │                                                                                                │
│ Input                         │ │                                                                                                │
│ Waiting                       │ │                                                                                                │
│ Breadcrumb                    │ │                                                                                                │
│ Scrollbar                     │ │                                                                                                │
│ Keys                          │ │                                                                                                │
│ Palette                       │ │                                                                                                │
│ Rule                          │ │                                                                                                │
│ Viewer                        │ │                                                                                                │
│                               │ │                                                                                                │
│                               │ │                                                                                           5/5  │
│                               │ │ keys     ↑/↓ move the cursor · shift+↑/↓ extend a range · ←/→ scroll sideways · g go to a line │
│                               │ │ mouse    wheel scroll without moving the cursor                                                │
│                               │ │ roles    SelectionBG · Accent · Muted                                                          │
│                               │ │ from     seven of the fourteen tools surveyed each built this and none could get it from thei… │
│                         24/24 │ │                                                                                                │
└───────────────────────────────┘ └────────────────────────────────────────────────────────────────────────────────────────────────┘
  ↑↓ component · ‹› state · tab pane · q quit