democtl  a tuikit example  needs attention                              09:14:03
────────────────────────────────────────────────────────────────────────────────
┌────────────────────────┐ ┌───────────────────────────────────────────────────┐
│ Services (39)          │ │ api_migrate                                       │
│ api_gateway    3/3 ✓   │ │ ‹ Overview ›  Config    Events                    │
│ api_worker     1/2 ●   │ │                                                   │
│ api_migrate    0/1 ✗   │ │  state      failed                                │
│ web_fr┌──────────────────────────────────────────────────────────────┐       │
│ web_as│Deploy api_migrate?                                           │       │
│ data_i│                                                              │       │
│ data_a│Pushes a new service spec and waits for the tasks to          │       │
│ api_sc│converge. The current tasks are replaced one at a time.       │       │
│ api_we│                                                              │ds     │
│ api_ra│y confirm · n cancel                                          │       │
│ web_ad└──────────────────────────────────────────────────────────────┘       │
│ web_docs       1/1 ✓   │ │                                                   │
│ web_preview    0/1 •   │ │                                                   │
│ data_etl       3/3 ✓   │ │                                                   │
│ data_warehouse 2/2 ✓   │ │                                                   │
│ data_replica   1/2 ●   │ │                                                   │
│                  16/39 │ │                                                   │
└────────────────────────┘ └───────────────────────────────────────────────────┘
  y confirm · n cancel