democtl  a tuikit example  needs attention                              09:14:03
────────────────────────────────────────────────────────────────────────────────
┌────────────────────────┐ ┌───────────────────────────────────────────────────┐
│ Services (39)          │ │ api_migrate                                       │
│ api_gateway    3/3 ✓   │ │ ‹ Overview · Config · Events ›                    │
│ api_worker     1/2 ●   │ │                                                   │
│ api_migrate    0/1 ✗   │ │  state      failed                                │
│ web_frontend   4/4 ✓   │ │  replicas   0/1                                   │
│ web_assets     1/1 ✓   │ │  stack      api                                   │
│ data_indexer   0/2 •   │ │  node       node-c                                │
│ data_archiver  1/1 ✓   │ │  updated    4m ago                                │
│ api_scheduler  2/2 ✓   │ │                                                   │
│ api_webhooks   1/1 ✓   │ │  no suitable node: memory reservation exceeds     │
│ api_ratelimit  2/2 ✓   │ │                                                   │
│ web_admin      2/2 ✓   │ │                                                   │
│ web_docs       1/1 ✓   │ │                                                   │
│ web_preview    0/1 •   │ │                                                   │
│ data_etl       3/3 ✓   │ │                                                   │
│ data_warehouse 2/2 ✓   │ │                                                   │
│ data_replica   1/2 ●   │ │                                                   │
│                  16/39 │ │                                                   │
└────────────────────────┘ └───────────────────────────────────────────────────┘
  ↑↓ move · tab pane · ‹› tabs · / filter · m menu · L logs · D deploy · q quit