democtl  a tuikit example  needs attention                              09:14:03
────────────────────────────────────────────────────────────────────────────────
┌────────────────────────┐ ┌───────────────────────────────────────────────────┐
│ Filter: we_            │ │ web_frontend                                      │
│ web_frontend   4/4 ✓   │ │ ‹ Overview ›  Config    Events                    │
│ web_assets     1/1 ✓   │ │                                                   │
│                        │ │  state      running                               │
│                        │ │  replicas   4/4                                   │
│                        │ │  stack      web                                   │
│                        │ │  node       node-c                                │
│                        │ │  updated    8m ago                                │
│                        │ │                                                   │
│                        │ │                                                   │
│                        │ │                                                   │
│                        │ │                                                   │
│                        │ │                                                   │
│                        │ │                                                   │
│                        │ │                                                   │
│                        │ │                                                   │
│                        │ │                                                   │
│                    2/2 │ │                                                   │
└────────────────────────┘ └───────────────────────────────────────────────────┘
  type to filter · enter keep · esc clear