democtl  a tuikit example  needs attention                              09:14:03
────────────────────────────────────────────────────────────────────────────────
┌────────────────────────┐ ┌───────────────────────────────────────────────────┐
│ Services (7)           │ │ api_worker                                        │
│ api_gateway    3/3 ✓   │ │ ‹ Overview ›  Config    Events                    │
│ a┌──────────────┐2 ●   │ │                                                   │
│ a│ View logs  L │1 ✗   │ │  state      degraded                              │
│ w│ Deploy     D │4 ✓   │ │  replicas   1/2                                   │
│ w└──────────────┘1 ✓   │ │  stack      api                                   │
│ data_indexer   0/2 •   │ │  node       node-b                                │
│ data_archiver  1/1 ✓   │ │  updated    5m ago                                │
│                        │ │                                                   │
│                        │ │  one task restarting: liveness probe timed out    │
│                        │ │                                                   │
│                        │ │                                                   │
│                        │ │                                                   │
│                        │ │                                                   │
│                        │ │                                                   │
│                        │ │                                                   │
│                        │ │                                                   │
│                        │ │                                                   │
└────────────────────────┘ └───────────────────────────────────────────────────┘
  ↑↓ choose · enter do it · esc close