democtl  a tuikit example  needs attention                                                                                  09:14:03
────────────────────────────────────────────────────────────────────────────────────────────────────────────────────────────────────
┌──────────────────────────────────────────┐ ┌─────────────────────────────────────────────────────────────────────────────────────┐
│ Services (7)                             │ │ api_gateway                                                                         │
│ api_gateway    3/3 ✓                     │ │   Overview  ‹ Config ›  Events                                                      │
│ api_worker     1/2 ●                     │ │                                                                                     │
│ api_migrate    0/1 ✗                     │ │  image      registry.example/api_gateway:v2.4.0                                     │
│ web_frontend   4/4 ✓                     │ │  desired    3                                                                       │
│ web_assets     1/1 ✓                     │ │  restart    on-failure                                                              │
│ data_indexer   0/2 •                     │ │  order      start-first                                                             │
│ data_archiver  1/1 ✓                     │ │                                                                                     │
│                                          │ │                                                                                     │
│                                          │ │                                                                                     │
│                                          │ │                                                                                     │
│                                          │ │                                                                                     │
│                                          │ │                                                                                     │
│                                          │ │                                                                                     │
│                                          │ │                                                                                     │
│                                          │ │                                                                                     │
│                                          │ │                                                                                     │
│                                          │ │                                                                                     │
│                                          │ │                                                                                     │
│                                          │ │                                                                                     │
│                                          │ │                                                                                     │
│                                          │ │                                                                                     │
│                                          │ │                                                                                     │
│                                          │ │                                                                                     │
│                                          │ │                                                                                     │
│                                          │ │                                                                                     │
│                                          │ │                                                                                     │
│                                          │ │                                                                                     │
│                                          │ │                                                                                     │
│                                          │ │                                                                                     │
│                                          │ │                                                                                     │
│                                          │ │                                                                                     │
└──────────────────────────────────────────┘ └─────────────────────────────────────────────────────────────────────────────────────┘
  ↑↓ move · tab pane · ‹› tabs · / filter · m menu · L logs · D deploy · q quit