democtl  a tuikit example  needs attention                                                                                  09:14:03
────────────────────────────────────────────────────────────────────────────────────────────────────────────────────────────────────
┌──────────────────────────────────────────┐ ┌─────────────────────────────────────────────────────────────────────────────────────┐
│ Filter: zzz_                             │ │ Detail                                                                              │
│  nothing matches                         │ │  no service selected                                                                │
│                                          │ │                                                                                     │
│                                          │ │                                                                                     │
│                                          │ │                                                                                     │
│                                          │ │                                                                                     │
│                                          │ │                                                                                     │
│                                          │ │                                                                                     │
│                                          │ │                                                                                     │
│                                          │ │                                                                                     │
│                                          │ │                                                                                     │
│                                          │ │                                                                                     │
│                                          │ │                                                                                     │
│                                          │ │                                                                                     │
│                                          │ │                                                                                     │
│                                          │ │                                                                                     │
│                                          │ │                                                                                     │
│                                          │ │                                                                                     │
│                                          │ │                                                                                     │
│                                          │ │                                                                                     │
│                                          │ │                                                                                     │
│                                          │ │                                                                                     │
│                                          │ │                                                                                     │
│                                          │ │                                                                                     │
│                                          │ │                                                                                     │
│                                          │ │                                                                                     │
│                                          │ │                                                                                     │
│                                          │ │                                                                                     │
│                                          │ │                                                                                     │
│                                          │ │                                                                                     │
│                                          │ │                                                                                     │
│                                      0/0 │ │                                                                                     │
└──────────────────────────────────────────┘ └─────────────────────────────────────────────────────────────────────────────────────┘
  type to filter · enter keep · esc clear