democtl  a tuikit example  needs attention                                                                                  09:14:03
────────────────────────────────────────────────────────────────────────────────────────────────────────────────────────────────────
┌──────────────────────────────────────────┐ ┌─────────────────────────────────────────────────────────────────────────────────────┐
│ Services (39)                            │ │ api_worker                                                                          │
│ api_gateway    3/3 ✓                     │ │ ‹ Overview · Config · Events ›                                                      │
│ a┌──────────────┐2 ●                     │ │                                                                                     │
│ a│ View logs  L │1 ✗                     │ │  state      degraded                                                                │
│ w│ Deploy     D │4 ✓                     │ │  replicas   1/2                                                                     │
│ w└──────────────┘1 ✓                     │ │  stack      api                                                                     │
│ data_indexer   0/2 •                     │ │  node       node-b                                                                  │
│ data_archiver  1/1 ✓                     │ │  updated    5m ago                                                                  │
│ api_scheduler  2/2 ✓                     │ │                                                                                     │
│ api_webhooks   1/1 ✓                     │ │  one task restarting: liveness probe timed out                                      │
│ api_ratelimit  2/2 ✓                     │ │                                                                                     │
│ web_admin      2/2 ✓                     │ │                                                                                     │
│ web_docs       1/1 ✓                     │ │                                                                                     │
│ web_preview    0/1 •                     │ │                                                                                     │
│ data_etl       3/3 ✓                     │ │                                                                                     │
│ data_warehouse 2/2 ✓                     │ │                                                                                     │
│ data_replica   1/2 ●                     │ │                                                                                     │
│ data_backup    1/1 ✓                     │ │                                                                                     │
│ edge_router    3/3 ✓                     │ │                                                                                     │
│ edge_cache     4/4 ✓                     │ │                                                                                     │
│ edge_tls       2/2 ✓                     │ │                                                                                     │
│ edge_waf       1/2 ●                     │ │                                                                                     │
│ auth_session   3/3 ✓                     │ │                                                                                     │
│ auth_tokens    2/2 ✓                     │ │                                                                                     │
│ auth_directory 1/1 ✓                     │ │                                                                                     │
│ auth_mfa       0/1 •                     │ │                                                                                     │
│ media_upload   2/2 ✓                     │ │                                                                                     │
│ media_transco… 0/4 ✗                     │ │                                                                                     │
│ media_thumbs   2/2 ✓                     │ │                                                                                     │
│ media_cdn      3/3 ✓                     │ │                                                                                     │
│ ops_metrics    2/2 ✓                     │ │                                                                                     │
│                                    30/39 │ │                                                                                     │
└──────────────────────────────────────────┘ └─────────────────────────────────────────────────────────────────────────────────────┘
  ↑↓ choose · enter do it · esc close